job=75148 node=nid002297 started=2026-07-17T11:14:08+02:00
store mount instance=ffff9240fdce6000
ost of sick shard : 8
ost of ctrl shard : 16
max_rpcs_in_flight: 68
max_pages_per_rpc : 4096

############ A. dd, bs=16M, QD=1 (the probe that reported 0.6 GB/s)
  1024 MiB in 37.3 s -> 27.4 MB/s
  read-RPCs-in-flight histogram on OST 8:
      depth 1:		       505  65  65   |          0   0   0
      depth 2:		        82  10  75   |          0   0   0
      depth 3:		        54   6  82   |          0   0   0
      depth 4:		        34   4  87   |          0   0   0
      depth 5:		        21   2  89   |          0   0   0
      depth 6:		        18   2  92   |          0   0   0
      depth 7:		        14   1  93   |          0   0   0
      depth 8:		         8   1  94   |          0   0   0
      depth 9:		         7   0  95   |          0   0   0
      depth 10:		         2   0  96   |          0   0   0
      depth 11:		         2   0  96   |          0   0   0
      depth 12:		         2   0  96   |          0   0   0

############ B. same file, same O_DIRECT, N parallel readers (queue depth only)
   readers         MB/s
         1         24.9
         2         56.5
         4        179.0
         8        172.9
        16        321.8
        32        697.1

############ C. fastsafetensors reading THE SAME sick shard
python: can't open file '/tmp/fst_one.py': [Errno 2] No such file or directory
srun: error: nid002297: task 0: Exited with exit code 2
  read-RPCs-in-flight histogram on OST 8:
      depth 1:		       575  49  49   |          0   0   0
      depth 2:		       149  12  62   |          0   0   0
      depth 3:		        70   6  68   |          0   0   0
      depth 4:		        85   7  75   |          0   0   0
      depth 5:		        24   2  77   |          0   0   0
      depth 6:		        22   1  79   |          0   0   0
      depth 7:		        22   1  81   |          0   0   0
      depth 8:		        64   5  87   |          0   0   0
      depth 9:		         9   0  88   |          0   0   0
      depth 10:		         4   0  88   |          0   0   0
      depth 11:		         4   0  88   |          0   0   0
      depth 12:		         4   0  89   |          0   0   0

finished=2026-07-17T11:16:14+02:00
