job=76367 node=nid002280 started=2026-07-26T11:52:04+02:00
gpu->numa map: 0->3 1->2 2->1 3->0 
staging(numa): /iopsstor/scratch/cscs/yboughizane/sharded-ckpt/llama70b-tp4 -> /dev/shm/llama70b-sharded (files=38, slices/file=64, bs=16M, direct read)
staged_files=38 staged_bytes=141124812955 slices=64 read_mode=direct readers=1714 stage_wall_s=9.68 stage_GBps=14.58

=== strategies (4 concurrent ranks, real rank-local shards) ===
Process SpawnProcess-3:
Traceback (most recent call last):
Process SpawnProcess-2:
  File "/usr/lib/python3.12/multiprocessing/process.py", line 314, in _bootstrap
    self.run()
  File "/usr/lib/python3.12/multiprocessing/process.py", line 108, in run
    self._target(*self._args, **self._kwargs)
  File "/iopsstor/scratch/cscs/yboughizane/simple-serving-stack/shm-weight-loading-exp2/scripts/shm_loader_bench.py", line 123, in run_rank
    import exp2_cudart as cu
  File "/iopsstor/scratch/cscs/yboughizane/simple-serving-stack/shm-weight-loading-exp2/scripts/exp2_cudart.py", line 18, in <module>
    import hugepage_fd_broker as broker
ModuleNotFoundError: No module named 'hugepage_fd_broker'
Process SpawnProcess-5:
Traceback (most recent call last):
  File "/usr/lib/python3.12/multiprocessing/process.py", line 314, in _bootstrap
    self.run()
  File "/usr/lib/python3.12/multiprocessing/process.py", line 108, in run
    self._target(*self._args, **self._kwargs)
  File "/iopsstor/scratch/cscs/yboughizane/simple-serving-stack/shm-weight-loading-exp2/scripts/shm_loader_bench.py", line 123, in run_rank
    import exp2_cudart as cu
  File "/iopsstor/scratch/cscs/yboughizane/simple-serving-stack/shm-weight-loading-exp2/scripts/exp2_cudart.py", line 18, in <module>
    import hugepage_fd_broker as broker
ModuleNotFoundError: No module named 'hugepage_fd_broker'
Traceback (most recent call last):
Process SpawnProcess-4:
  File "/usr/lib/python3.12/multiprocessing/process.py", line 314, in _bootstrap
    self.run()
  File "/usr/lib/python3.12/multiprocessing/process.py", line 108, in run
    self._target(*self._args, **self._kwargs)
  File "/iopsstor/scratch/cscs/yboughizane/simple-serving-stack/shm-weight-loading-exp2/scripts/shm_loader_bench.py", line 123, in run_rank
    import exp2_cudart as cu
  File "/iopsstor/scratch/cscs/yboughizane/simple-serving-stack/shm-weight-loading-exp2/scripts/exp2_cudart.py", line 18, in <module>
    import hugepage_fd_broker as broker
ModuleNotFoundError: No module named 'hugepage_fd_broker'
Traceback (most recent call last):
  File "/usr/lib/python3.12/multiprocessing/process.py", line 314, in _bootstrap
    self.run()
  File "/usr/lib/python3.12/multiprocessing/process.py", line 108, in run
    self._target(*self._args, **self._kwargs)
  File "/iopsstor/scratch/cscs/yboughizane/simple-serving-stack/shm-weight-loading-exp2/scripts/shm_loader_bench.py", line 123, in run_rank
    import exp2_cudart as cu
  File "/iopsstor/scratch/cscs/yboughizane/simple-serving-stack/shm-weight-loading-exp2/scripts/exp2_cudart.py", line 18, in <module>
    import hugepage_fd_broker as broker
ModuleNotFoundError: No module named 'hugepage_fd_broker'
FAIL register: []
  ^ FAILED: --strategy register
/iopsstor/scratch/cscs/yboughizane/simple-serving-stack/shm-weight-loading-exp2/scripts/shm_loader_bench.py:180: UserWarning: The given buffer is not writable, and PyTorch does not support non-writable tensors. This means you can write to the underlying (supposedly non-writable) buffer using the tensor. You may want to copy the buffer to protect its data or make it writable before converting it to a tensor. This type of warning will be suppressed for the rest of this program. (Triggered internally at /pytorch/torch/csrc/utils/tensor_new.cpp:1581.)
  src = torch.frombuffer(mm, dtype=torch.uint8)
/iopsstor/scratch/cscs/yboughizane/simple-serving-stack/shm-weight-loading-exp2/scripts/shm_loader_bench.py:180: UserWarning: The given buffer is not writable, and PyTorch does not support non-writable tensors. This means you can write to the underlying (supposedly non-writable) buffer using the tensor. You may want to copy the buffer to protect its data or make it writable before converting it to a tensor. This type of warning will be suppressed for the rest of this program. (Triggered internally at /pytorch/torch/csrc/utils/tensor_new.cpp:1581.)
  src = torch.frombuffer(mm, dtype=torch.uint8)
/iopsstor/scratch/cscs/yboughizane/simple-serving-stack/shm-weight-loading-exp2/scripts/shm_loader_bench.py:180: UserWarning: The given buffer is not writable, and PyTorch does not support non-writable tensors. This means you can write to the underlying (supposedly non-writable) buffer using the tensor. You may want to copy the buffer to protect its data or make it writable before converting it to a tensor. This type of warning will be suppressed for the rest of this program. (Triggered internally at /pytorch/torch/csrc/utils/tensor_new.cpp:1581.)
  src = torch.frombuffer(mm, dtype=torch.uint8)
/iopsstor/scratch/cscs/yboughizane/simple-serving-stack/shm-weight-loading-exp2/scripts/shm_loader_bench.py:180: UserWarning: The given buffer is not writable, and PyTorch does not support non-writable tensors. This means you can write to the underlying (supposedly non-writable) buffer using the tensor. You may want to copy the buffer to protect its data or make it writable before converting it to a tensor. This type of warning will be suppressed for the rest of this program. (Triggered internally at /pytorch/torch/csrc/utils/tensor_new.cpp:1581.)
  src = torch.frombuffer(mm, dtype=torch.uint8)
pinned numa=1 chunk=512M thr=8     per-rank s  6.21  6.23  6.18  6.20   GB/s  5.68  5.66  5.70  5.69   gated  6.23s  correct=True
/iopsstor/scratch/cscs/yboughizane/simple-serving-stack/shm-weight-loading-exp2/scripts/shm_loader_bench.py:180: UserWarning: The given buffer is not writable, and PyTorch does not support non-writable tensors. This means you can write to the underlying (supposedly non-writable) buffer using the tensor. You may want to copy the buffer to protect its data or make it writable before converting it to a tensor. This type of warning will be suppressed for the rest of this program. (Triggered internally at /pytorch/torch/csrc/utils/tensor_new.cpp:1581.)
  src = torch.frombuffer(mm, dtype=torch.uint8)
/iopsstor/scratch/cscs/yboughizane/simple-serving-stack/shm-weight-loading-exp2/scripts/shm_loader_bench.py:180: UserWarning: The given buffer is not writable, and PyTorch does not support non-writable tensors. This means you can write to the underlying (supposedly non-writable) buffer using the tensor. You may want to copy the buffer to protect its data or make it writable before converting it to a tensor. This type of warning will be suppressed for the rest of this program. (Triggered internally at /pytorch/torch/csrc/utils/tensor_new.cpp:1581.)
  src = torch.frombuffer(mm, dtype=torch.uint8)
/iopsstor/scratch/cscs/yboughizane/simple-serving-stack/shm-weight-loading-exp2/scripts/shm_loader_bench.py:180: UserWarning: The given buffer is not writable, and PyTorch does not support non-writable tensors. This means you can write to the underlying (supposedly non-writable) buffer using the tensor. You may want to copy the buffer to protect its data or make it writable before converting it to a tensor. This type of warning will be suppressed for the rest of this program. (Triggered internally at /pytorch/torch/csrc/utils/tensor_new.cpp:1581.)
  src = torch.frombuffer(mm, dtype=torch.uint8)
/iopsstor/scratch/cscs/yboughizane/simple-serving-stack/shm-weight-loading-exp2/scripts/shm_loader_bench.py:180: UserWarning: The given buffer is not writable, and PyTorch does not support non-writable tensors. This means you can write to the underlying (supposedly non-writable) buffer using the tensor. You may want to copy the buffer to protect its data or make it writable before converting it to a tensor. This type of warning will be suppressed for the rest of this program. (Triggered internally at /pytorch/torch/csrc/utils/tensor_new.cpp:1581.)
  src = torch.frombuffer(mm, dtype=torch.uint8)
zerocopy numa=1 chunk=512M thr=16  per-rank s  5.31  5.31  5.33  5.33   GB/s  6.64  6.64  6.61  6.62   gated  5.33s  correct=True

=== reference: e2e numaboth (job 76364) gated weight_loading = 8.47 s; target < 5.00 s ===
finished=2026-07-26T11:53:21+02:00
