job=76369 node=nid002280 started=2026-07-26T11:58:26+02:00
gpu->numa map: 0->3 1->2 2->1 3->0 
staging(numa): /iopsstor/scratch/cscs/yboughizane/sharded-ckpt/llama70b-tp4 -> /dev/shm/llama70b-sharded (files=38, slices/file=64, bs=16M, direct read)
staged_files=38 staged_bytes=141124812955 slices=64 read_mode=direct readers=1714 stage_wall_s=9.61 stage_GBps=14.69

=== strategies (4 concurrent ranks, real rank-local shards) ===
register numa=1 chunk=512M thr=16  per-rank s 14.00 14.28 14.14 13.68   GB/s  2.52  2.47  2.49  2.58   gated 14.28s  correct=True  [reg 9.80 9.76 9.76 9.77 | dma 1.33 1.33 1.33 1.33]
/iopsstor/scratch/cscs/yboughizane/simple-serving-stack/shm-weight-loading-exp2/scripts/shm_loader_bench.py:192: UserWarning: The given buffer is not writable, and PyTorch does not support non-writable tensors. This means you can write to the underlying (supposedly non-writable) buffer using the tensor. You may want to copy the buffer to protect its data or make it writable before converting it to a tensor. This type of warning will be suppressed for the rest of this program. (Triggered internally at /pytorch/torch/csrc/utils/tensor_new.cpp:1581.)
  src = torch.frombuffer(mm, dtype=torch.uint8)
/iopsstor/scratch/cscs/yboughizane/simple-serving-stack/shm-weight-loading-exp2/scripts/shm_loader_bench.py:192: UserWarning: The given buffer is not writable, and PyTorch does not support non-writable tensors. This means you can write to the underlying (supposedly non-writable) buffer using the tensor. You may want to copy the buffer to protect its data or make it writable before converting it to a tensor. This type of warning will be suppressed for the rest of this program. (Triggered internally at /pytorch/torch/csrc/utils/tensor_new.cpp:1581.)
  src = torch.frombuffer(mm, dtype=torch.uint8)
/iopsstor/scratch/cscs/yboughizane/simple-serving-stack/shm-weight-loading-exp2/scripts/shm_loader_bench.py:192: UserWarning: The given buffer is not writable, and PyTorch does not support non-writable tensors. This means you can write to the underlying (supposedly non-writable) buffer using the tensor. You may want to copy the buffer to protect its data or make it writable before converting it to a tensor. This type of warning will be suppressed for the rest of this program. (Triggered internally at /pytorch/torch/csrc/utils/tensor_new.cpp:1581.)
  src = torch.frombuffer(mm, dtype=torch.uint8)
/iopsstor/scratch/cscs/yboughizane/simple-serving-stack/shm-weight-loading-exp2/scripts/shm_loader_bench.py:192: UserWarning: The given buffer is not writable, and PyTorch does not support non-writable tensors. This means you can write to the underlying (supposedly non-writable) buffer using the tensor. You may want to copy the buffer to protect its data or make it writable before converting it to a tensor. This type of warning will be suppressed for the rest of this program. (Triggered internally at /pytorch/torch/csrc/utils/tensor_new.cpp:1581.)
  src = torch.frombuffer(mm, dtype=torch.uint8)
pinned numa=1 chunk=512M thr=8     per-rank s  4.82  4.79  4.80  4.85   GB/s  7.31  7.37  7.34  7.27   gated  4.85s  correct=True
/iopsstor/scratch/cscs/yboughizane/simple-serving-stack/shm-weight-loading-exp2/scripts/shm_loader_bench.py:192: UserWarning: The given buffer is not writable, and PyTorch does not support non-writable tensors. This means you can write to the underlying (supposedly non-writable) buffer using the tensor. You may want to copy the buffer to protect its data or make it writable before converting it to a tensor. This type of warning will be suppressed for the rest of this program. (Triggered internally at /pytorch/torch/csrc/utils/tensor_new.cpp:1581.)
  src = torch.frombuffer(mm, dtype=torch.uint8)
/iopsstor/scratch/cscs/yboughizane/simple-serving-stack/shm-weight-loading-exp2/scripts/shm_loader_bench.py:192: UserWarning: The given buffer is not writable, and PyTorch does not support non-writable tensors. This means you can write to the underlying (supposedly non-writable) buffer using the tensor. You may want to copy the buffer to protect its data or make it writable before converting it to a tensor. This type of warning will be suppressed for the rest of this program. (Triggered internally at /pytorch/torch/csrc/utils/tensor_new.cpp:1581.)
  src = torch.frombuffer(mm, dtype=torch.uint8)
/iopsstor/scratch/cscs/yboughizane/simple-serving-stack/shm-weight-loading-exp2/scripts/shm_loader_bench.py:192: UserWarning: The given buffer is not writable, and PyTorch does not support non-writable tensors. This means you can write to the underlying (supposedly non-writable) buffer using the tensor. You may want to copy the buffer to protect its data or make it writable before converting it to a tensor. This type of warning will be suppressed for the rest of this program. (Triggered internally at /pytorch/torch/csrc/utils/tensor_new.cpp:1581.)
  src = torch.frombuffer(mm, dtype=torch.uint8)
/iopsstor/scratch/cscs/yboughizane/simple-serving-stack/shm-weight-loading-exp2/scripts/shm_loader_bench.py:192: UserWarning: The given buffer is not writable, and PyTorch does not support non-writable tensors. This means you can write to the underlying (supposedly non-writable) buffer using the tensor. You may want to copy the buffer to protect its data or make it writable before converting it to a tensor. This type of warning will be suppressed for the rest of this program. (Triggered internally at /pytorch/torch/csrc/utils/tensor_new.cpp:1581.)
  src = torch.frombuffer(mm, dtype=torch.uint8)
zerocopy numa=1 chunk=512M thr=16  per-rank s  5.59  5.62  5.59  5.63   GB/s  6.31  6.27  6.32  6.27   gated  5.63s  correct=True
register numa=1 chunk=512M thr=16  per-rank s 12.65 12.91 13.10 13.17   GB/s  2.79  2.73  2.69  2.68   gated 13.17s  correct=True  [reg 9.71 9.74 9.74 9.76 | dma 1.33 1.33 1.33 1.33]
/iopsstor/scratch/cscs/yboughizane/simple-serving-stack/shm-weight-loading-exp2/scripts/shm_loader_bench.py:192: UserWarning: The given buffer is not writable, and PyTorch does not support non-writable tensors. This means you can write to the underlying (supposedly non-writable) buffer using the tensor. You may want to copy the buffer to protect its data or make it writable before converting it to a tensor. This type of warning will be suppressed for the rest of this program. (Triggered internally at /pytorch/torch/csrc/utils/tensor_new.cpp:1581.)
  src = torch.frombuffer(mm, dtype=torch.uint8)
/iopsstor/scratch/cscs/yboughizane/simple-serving-stack/shm-weight-loading-exp2/scripts/shm_loader_bench.py:192: UserWarning: The given buffer is not writable, and PyTorch does not support non-writable tensors. This means you can write to the underlying (supposedly non-writable) buffer using the tensor. You may want to copy the buffer to protect its data or make it writable before converting it to a tensor. This type of warning will be suppressed for the rest of this program. (Triggered internally at /pytorch/torch/csrc/utils/tensor_new.cpp:1581.)
  src = torch.frombuffer(mm, dtype=torch.uint8)
/iopsstor/scratch/cscs/yboughizane/simple-serving-stack/shm-weight-loading-exp2/scripts/shm_loader_bench.py:192: UserWarning: The given buffer is not writable, and PyTorch does not support non-writable tensors. This means you can write to the underlying (supposedly non-writable) buffer using the tensor. You may want to copy the buffer to protect its data or make it writable before converting it to a tensor. This type of warning will be suppressed for the rest of this program. (Triggered internally at /pytorch/torch/csrc/utils/tensor_new.cpp:1581.)
  src = torch.frombuffer(mm, dtype=torch.uint8)
/iopsstor/scratch/cscs/yboughizane/simple-serving-stack/shm-weight-loading-exp2/scripts/shm_loader_bench.py:192: UserWarning: The given buffer is not writable, and PyTorch does not support non-writable tensors. This means you can write to the underlying (supposedly non-writable) buffer using the tensor. You may want to copy the buffer to protect its data or make it writable before converting it to a tensor. This type of warning will be suppressed for the rest of this program. (Triggered internally at /pytorch/torch/csrc/utils/tensor_new.cpp:1581.)
  src = torch.frombuffer(mm, dtype=torch.uint8)
pinned numa=1 chunk=512M thr=8     per-rank s  4.80  4.78  4.78  4.79   GB/s  7.35  7.38  7.37  7.36   gated  4.80s  correct=True
/iopsstor/scratch/cscs/yboughizane/simple-serving-stack/shm-weight-loading-exp2/scripts/shm_loader_bench.py:192: UserWarning: The given buffer is not writable, and PyTorch does not support non-writable tensors. This means you can write to the underlying (supposedly non-writable) buffer using the tensor. You may want to copy the buffer to protect its data or make it writable before converting it to a tensor. This type of warning will be suppressed for the rest of this program. (Triggered internally at /pytorch/torch/csrc/utils/tensor_new.cpp:1581.)
  src = torch.frombuffer(mm, dtype=torch.uint8)
/iopsstor/scratch/cscs/yboughizane/simple-serving-stack/shm-weight-loading-exp2/scripts/shm_loader_bench.py:192: UserWarning: The given buffer is not writable, and PyTorch does not support non-writable tensors. This means you can write to the underlying (supposedly non-writable) buffer using the tensor. You may want to copy the buffer to protect its data or make it writable before converting it to a tensor. This type of warning will be suppressed for the rest of this program. (Triggered internally at /pytorch/torch/csrc/utils/tensor_new.cpp:1581.)
  src = torch.frombuffer(mm, dtype=torch.uint8)
/iopsstor/scratch/cscs/yboughizane/simple-serving-stack/shm-weight-loading-exp2/scripts/shm_loader_bench.py:192: UserWarning: The given buffer is not writable, and PyTorch does not support non-writable tensors. This means you can write to the underlying (supposedly non-writable) buffer using the tensor. You may want to copy the buffer to protect its data or make it writable before converting it to a tensor. This type of warning will be suppressed for the rest of this program. (Triggered internally at /pytorch/torch/csrc/utils/tensor_new.cpp:1581.)
  src = torch.frombuffer(mm, dtype=torch.uint8)
/iopsstor/scratch/cscs/yboughizane/simple-serving-stack/shm-weight-loading-exp2/scripts/shm_loader_bench.py:192: UserWarning: The given buffer is not writable, and PyTorch does not support non-writable tensors. This means you can write to the underlying (supposedly non-writable) buffer using the tensor. You may want to copy the buffer to protect its data or make it writable before converting it to a tensor. This type of warning will be suppressed for the rest of this program. (Triggered internally at /pytorch/torch/csrc/utils/tensor_new.cpp:1581.)
  src = torch.frombuffer(mm, dtype=torch.uint8)
zerocopy numa=1 chunk=512M thr=16  per-rank s  5.59  5.58  5.59  5.60   GB/s  6.32  6.32  6.31  6.30   gated  5.60s  correct=True

=== reference: e2e numaboth (job 76364) gated weight_loading = 8.47 s; target < 5.00 s ===
finished=2026-07-26T12:01:25+02:00
