job=76368 node=nid002280 started=2026-07-26T11:54:59+02:00
gpu->numa map: 0->3 1->2 2->1 3->0 
staging(numa): /iopsstor/scratch/cscs/yboughizane/sharded-ckpt/llama70b-tp4 -> /dev/shm/llama70b-sharded (files=38, slices/file=64, bs=16M, direct read)
staged_files=38 staged_bytes=141124812955 slices=64 read_mode=direct readers=1714 stage_wall_s=9.49 stage_GBps=14.87

=== strategies (4 concurrent ranks, real rank-local shards) ===
FAIL register: [{'error': 'cudaHostRegister rc=712 on /dev/shm/llama70b-sharded/model-rank-0-part-2.safetensors'}, {'error': 'cudaHostRegister rc=712 on /dev/shm/llama70b-sharded/model-rank-1-part-2.safetensors'}, {'error': 'cudaHostRegister rc=712 on /dev/shm/llama70b-sharded/model-rank-2-part-2.safetensors'}, {'error': 'cudaHostRegister rc=712 on /dev/shm/llama70b-sharded/model-rank-3-part-2.safetensors'}]
  ^ FAILED: --strategy register
/iopsstor/scratch/cscs/yboughizane/simple-serving-stack/shm-weight-loading-exp2/scripts/shm_loader_bench.py:180: UserWarning: The given buffer is not writable, and PyTorch does not support non-writable tensors. This means you can write to the underlying (supposedly non-writable) buffer using the tensor. You may want to copy the buffer to protect its data or make it writable before converting it to a tensor. This type of warning will be suppressed for the rest of this program. (Triggered internally at /pytorch/torch/csrc/utils/tensor_new.cpp:1581.)
  src = torch.frombuffer(mm, dtype=torch.uint8)
/iopsstor/scratch/cscs/yboughizane/simple-serving-stack/shm-weight-loading-exp2/scripts/shm_loader_bench.py:180: UserWarning: The given buffer is not writable, and PyTorch does not support non-writable tensors. This means you can write to the underlying (supposedly non-writable) buffer using the tensor. You may want to copy the buffer to protect its data or make it writable before converting it to a tensor. This type of warning will be suppressed for the rest of this program. (Triggered internally at /pytorch/torch/csrc/utils/tensor_new.cpp:1581.)
  src = torch.frombuffer(mm, dtype=torch.uint8)
/iopsstor/scratch/cscs/yboughizane/simple-serving-stack/shm-weight-loading-exp2/scripts/shm_loader_bench.py:180: UserWarning: The given buffer is not writable, and PyTorch does not support non-writable tensors. This means you can write to the underlying (supposedly non-writable) buffer using the tensor. You may want to copy the buffer to protect its data or make it writable before converting it to a tensor. This type of warning will be suppressed for the rest of this program. (Triggered internally at /pytorch/torch/csrc/utils/tensor_new.cpp:1581.)
  src = torch.frombuffer(mm, dtype=torch.uint8)
/iopsstor/scratch/cscs/yboughizane/simple-serving-stack/shm-weight-loading-exp2/scripts/shm_loader_bench.py:180: UserWarning: The given buffer is not writable, and PyTorch does not support non-writable tensors. This means you can write to the underlying (supposedly non-writable) buffer using the tensor. You may want to copy the buffer to protect its data or make it writable before converting it to a tensor. This type of warning will be suppressed for the rest of this program. (Triggered internally at /pytorch/torch/csrc/utils/tensor_new.cpp:1581.)
  src = torch.frombuffer(mm, dtype=torch.uint8)
pinned numa=1 chunk=512M thr=8     per-rank s  5.79  5.77  5.79  5.78   GB/s  6.09  6.12  6.10  6.10   gated  5.79s  correct=True
/iopsstor/scratch/cscs/yboughizane/simple-serving-stack/shm-weight-loading-exp2/scripts/shm_loader_bench.py:180: UserWarning: The given buffer is not writable, and PyTorch does not support non-writable tensors. This means you can write to the underlying (supposedly non-writable) buffer using the tensor. You may want to copy the buffer to protect its data or make it writable before converting it to a tensor. This type of warning will be suppressed for the rest of this program. (Triggered internally at /pytorch/torch/csrc/utils/tensor_new.cpp:1581.)
  src = torch.frombuffer(mm, dtype=torch.uint8)
/iopsstor/scratch/cscs/yboughizane/simple-serving-stack/shm-weight-loading-exp2/scripts/shm_loader_bench.py:180: UserWarning: The given buffer is not writable, and PyTorch does not support non-writable tensors. This means you can write to the underlying (supposedly non-writable) buffer using the tensor. You may want to copy the buffer to protect its data or make it writable before converting it to a tensor. This type of warning will be suppressed for the rest of this program. (Triggered internally at /pytorch/torch/csrc/utils/tensor_new.cpp:1581.)
  src = torch.frombuffer(mm, dtype=torch.uint8)
/iopsstor/scratch/cscs/yboughizane/simple-serving-stack/shm-weight-loading-exp2/scripts/shm_loader_bench.py:180: UserWarning: The given buffer is not writable, and PyTorch does not support non-writable tensors. This means you can write to the underlying (supposedly non-writable) buffer using the tensor. You may want to copy the buffer to protect its data or make it writable before converting it to a tensor. This type of warning will be suppressed for the rest of this program. (Triggered internally at /pytorch/torch/csrc/utils/tensor_new.cpp:1581.)
  src = torch.frombuffer(mm, dtype=torch.uint8)
/iopsstor/scratch/cscs/yboughizane/simple-serving-stack/shm-weight-loading-exp2/scripts/shm_loader_bench.py:180: UserWarning: The given buffer is not writable, and PyTorch does not support non-writable tensors. This means you can write to the underlying (supposedly non-writable) buffer using the tensor. You may want to copy the buffer to protect its data or make it writable before converting it to a tensor. This type of warning will be suppressed for the rest of this program. (Triggered internally at /pytorch/torch/csrc/utils/tensor_new.cpp:1581.)
  src = torch.frombuffer(mm, dtype=torch.uint8)
zerocopy numa=1 chunk=512M thr=16  per-rank s  5.51  5.58  5.50  5.53   GB/s  6.40  6.33  6.42  6.38   gated  5.58s  correct=True
FAIL register: [{'error': 'cudaHostRegister rc=712 on /dev/shm/llama70b-sharded/model-rank-0-part-2.safetensors'}, {'error': 'cudaHostRegister rc=712 on /dev/shm/llama70b-sharded/model-rank-1-part-2.safetensors'}, {'error': 'cudaHostRegister rc=712 on /dev/shm/llama70b-sharded/model-rank-2-part-2.safetensors'}, {'error': 'cudaHostRegister rc=712 on /dev/shm/llama70b-sharded/model-rank-3-part-2.safetensors'}]
  ^ FAILED: --strategy register
/iopsstor/scratch/cscs/yboughizane/simple-serving-stack/shm-weight-loading-exp2/scripts/shm_loader_bench.py:180: UserWarning: The given buffer is not writable, and PyTorch does not support non-writable tensors. This means you can write to the underlying (supposedly non-writable) buffer using the tensor. You may want to copy the buffer to protect its data or make it writable before converting it to a tensor. This type of warning will be suppressed for the rest of this program. (Triggered internally at /pytorch/torch/csrc/utils/tensor_new.cpp:1581.)
  src = torch.frombuffer(mm, dtype=torch.uint8)
/iopsstor/scratch/cscs/yboughizane/simple-serving-stack/shm-weight-loading-exp2/scripts/shm_loader_bench.py:180: UserWarning: The given buffer is not writable, and PyTorch does not support non-writable tensors. This means you can write to the underlying (supposedly non-writable) buffer using the tensor. You may want to copy the buffer to protect its data or make it writable before converting it to a tensor. This type of warning will be suppressed for the rest of this program. (Triggered internally at /pytorch/torch/csrc/utils/tensor_new.cpp:1581.)
  src = torch.frombuffer(mm, dtype=torch.uint8)
/iopsstor/scratch/cscs/yboughizane/simple-serving-stack/shm-weight-loading-exp2/scripts/shm_loader_bench.py:180: UserWarning: The given buffer is not writable, and PyTorch does not support non-writable tensors. This means you can write to the underlying (supposedly non-writable) buffer using the tensor. You may want to copy the buffer to protect its data or make it writable before converting it to a tensor. This type of warning will be suppressed for the rest of this program. (Triggered internally at /pytorch/torch/csrc/utils/tensor_new.cpp:1581.)
  src = torch.frombuffer(mm, dtype=torch.uint8)
/iopsstor/scratch/cscs/yboughizane/simple-serving-stack/shm-weight-loading-exp2/scripts/shm_loader_bench.py:180: UserWarning: The given buffer is not writable, and PyTorch does not support non-writable tensors. This means you can write to the underlying (supposedly non-writable) buffer using the tensor. You may want to copy the buffer to protect its data or make it writable before converting it to a tensor. This type of warning will be suppressed for the rest of this program. (Triggered internally at /pytorch/torch/csrc/utils/tensor_new.cpp:1581.)
  src = torch.frombuffer(mm, dtype=torch.uint8)
pinned numa=1 chunk=512M thr=8     per-rank s  4.80  4.80  4.79  4.79   GB/s  7.36  7.35  7.37  7.37   gated  4.80s  correct=True
/iopsstor/scratch/cscs/yboughizane/simple-serving-stack/shm-weight-loading-exp2/scripts/shm_loader_bench.py:180: UserWarning: The given buffer is not writable, and PyTorch does not support non-writable tensors. This means you can write to the underlying (supposedly non-writable) buffer using the tensor. You may want to copy the buffer to protect its data or make it writable before converting it to a tensor. This type of warning will be suppressed for the rest of this program. (Triggered internally at /pytorch/torch/csrc/utils/tensor_new.cpp:1581.)
  src = torch.frombuffer(mm, dtype=torch.uint8)
/iopsstor/scratch/cscs/yboughizane/simple-serving-stack/shm-weight-loading-exp2/scripts/shm_loader_bench.py:180: UserWarning: The given buffer is not writable, and PyTorch does not support non-writable tensors. This means you can write to the underlying (supposedly non-writable) buffer using the tensor. You may want to copy the buffer to protect its data or make it writable before converting it to a tensor. This type of warning will be suppressed for the rest of this program. (Triggered internally at /pytorch/torch/csrc/utils/tensor_new.cpp:1581.)
  src = torch.frombuffer(mm, dtype=torch.uint8)
/iopsstor/scratch/cscs/yboughizane/simple-serving-stack/shm-weight-loading-exp2/scripts/shm_loader_bench.py:180: UserWarning: The given buffer is not writable, and PyTorch does not support non-writable tensors. This means you can write to the underlying (supposedly non-writable) buffer using the tensor. You may want to copy the buffer to protect its data or make it writable before converting it to a tensor. This type of warning will be suppressed for the rest of this program. (Triggered internally at /pytorch/torch/csrc/utils/tensor_new.cpp:1581.)
  src = torch.frombuffer(mm, dtype=torch.uint8)
/iopsstor/scratch/cscs/yboughizane/simple-serving-stack/shm-weight-loading-exp2/scripts/shm_loader_bench.py:180: UserWarning: The given buffer is not writable, and PyTorch does not support non-writable tensors. This means you can write to the underlying (supposedly non-writable) buffer using the tensor. You may want to copy the buffer to protect its data or make it writable before converting it to a tensor. This type of warning will be suppressed for the rest of this program. (Triggered internally at /pytorch/torch/csrc/utils/tensor_new.cpp:1581.)
  src = torch.frombuffer(mm, dtype=torch.uint8)
zerocopy numa=1 chunk=512M thr=16  per-rank s  5.63  5.62  5.61  5.62   GB/s  6.27  6.28  6.29  6.28   gated  5.63s  correct=True

=== reference: e2e numaboth (job 76364) gated weight_loading = 8.47 s; target < 5.00 s ===
finished=2026-07-26T11:57:19+02:00
