job=76370 node=nid002280 started=2026-07-26T12:02:46+02:00
gpu->numa map: 0->3 1->2 2->1 3->0 
staging(numa): /iopsstor/scratch/cscs/yboughizane/sharded-ckpt/llama70b-tp4 -> /dev/shm/llama70b-sharded (files=38, slices/file=64, bs=16M, direct read)
staged_files=38 staged_bytes=141124812955 slices=64 read_mode=direct readers=1714 stage_wall_s=9.50 stage_GBps=14.86

=== strategies (4 concurrent ranks, real rank-local shards) ===
register numa=1 chunk=512M thr=16 rt=1 per-rank s 15.53 15.38 15.24 15.10   GB/s  2.27  2.29  2.32  2.34   gated 15.53s  correct=True  [reg 10.34 10.36 10.32 10.37 | dma 1.33 1.33 1.33 1.33]
register numa=1 chunk=512M thr=16 rt=4 per-rank s 11.57 14.13 13.40 14.04   GB/s  3.05  2.50  2.63  2.51   gated 14.13s  correct=True  [reg 9.48 10.75 10.15 10.58 | dma 1.33 1.33 1.33 1.33]
register numa=1 chunk=512M thr=16 rt=8 per-rank s 11.47 13.51 14.05 14.14   GB/s  3.08  2.61  2.51  2.49   gated 14.14s  correct=True  [reg 9.32 9.84 10.38 10.53 | dma 1.33 1.33 1.33 1.33]
/iopsstor/scratch/cscs/yboughizane/simple-serving-stack/shm-weight-loading-exp2/scripts/shm_loader_bench.py:208: UserWarning: The given buffer is not writable, and PyTorch does not support non-writable tensors. This means you can write to the underlying (supposedly non-writable) buffer using the tensor. You may want to copy the buffer to protect its data or make it writable before converting it to a tensor. This type of warning will be suppressed for the rest of this program. (Triggered internally at /pytorch/torch/csrc/utils/tensor_new.cpp:1581.)
  src = torch.frombuffer(mm, dtype=torch.uint8)
/iopsstor/scratch/cscs/yboughizane/simple-serving-stack/shm-weight-loading-exp2/scripts/shm_loader_bench.py:208: UserWarning: The given buffer is not writable, and PyTorch does not support non-writable tensors. This means you can write to the underlying (supposedly non-writable) buffer using the tensor. You may want to copy the buffer to protect its data or make it writable before converting it to a tensor. This type of warning will be suppressed for the rest of this program. (Triggered internally at /pytorch/torch/csrc/utils/tensor_new.cpp:1581.)
  src = torch.frombuffer(mm, dtype=torch.uint8)
/iopsstor/scratch/cscs/yboughizane/simple-serving-stack/shm-weight-loading-exp2/scripts/shm_loader_bench.py:208: UserWarning: The given buffer is not writable, and PyTorch does not support non-writable tensors. This means you can write to the underlying (supposedly non-writable) buffer using the tensor. You may want to copy the buffer to protect its data or make it writable before converting it to a tensor. This type of warning will be suppressed for the rest of this program. (Triggered internally at /pytorch/torch/csrc/utils/tensor_new.cpp:1581.)
  src = torch.frombuffer(mm, dtype=torch.uint8)
/iopsstor/scratch/cscs/yboughizane/simple-serving-stack/shm-weight-loading-exp2/scripts/shm_loader_bench.py:208: UserWarning: The given buffer is not writable, and PyTorch does not support non-writable tensors. This means you can write to the underlying (supposedly non-writable) buffer using the tensor. You may want to copy the buffer to protect its data or make it writable before converting it to a tensor. This type of warning will be suppressed for the rest of this program. (Triggered internally at /pytorch/torch/csrc/utils/tensor_new.cpp:1581.)
  src = torch.frombuffer(mm, dtype=torch.uint8)
pinned numa=1 chunk=512M thr=8 rt=1 per-rank s  4.79  4.79  4.81  4.82   GB/s  7.36  7.36  7.33  7.32   gated  4.82s  correct=True
register numa=1 chunk=512M thr=16 rt=1 per-rank s 13.01 13.08 13.08 13.15   GB/s  2.71  2.70  2.70  2.68   gated 13.15s  correct=True  [reg 10.18 10.21 10.20 10.17 | dma 1.33 1.33 1.33 1.33]
register numa=1 chunk=512M thr=16 rt=4 per-rank s 11.67 14.51 14.37 13.61   GB/s  3.02  2.43  2.46  2.59   gated 14.51s  correct=True  [reg 9.64 10.83 10.87 10.21 | dma 1.33 1.33 1.33 1.33]
register numa=1 chunk=512M thr=16 rt=8 per-rank s 11.25 13.09 13.97 13.88   GB/s  3.14  2.70  2.53  2.54   gated 13.97s  correct=True  [reg 9.27 10.00 10.45 10.16 | dma 1.33 1.33 1.33 1.33]
/iopsstor/scratch/cscs/yboughizane/simple-serving-stack/shm-weight-loading-exp2/scripts/shm_loader_bench.py:208: UserWarning: The given buffer is not writable, and PyTorch does not support non-writable tensors. This means you can write to the underlying (supposedly non-writable) buffer using the tensor. You may want to copy the buffer to protect its data or make it writable before converting it to a tensor. This type of warning will be suppressed for the rest of this program. (Triggered internally at /pytorch/torch/csrc/utils/tensor_new.cpp:1581.)
  src = torch.frombuffer(mm, dtype=torch.uint8)
/iopsstor/scratch/cscs/yboughizane/simple-serving-stack/shm-weight-loading-exp2/scripts/shm_loader_bench.py:208: UserWarning: The given buffer is not writable, and PyTorch does not support non-writable tensors. This means you can write to the underlying (supposedly non-writable) buffer using the tensor. You may want to copy the buffer to protect its data or make it writable before converting it to a tensor. This type of warning will be suppressed for the rest of this program. (Triggered internally at /pytorch/torch/csrc/utils/tensor_new.cpp:1581.)
  src = torch.frombuffer(mm, dtype=torch.uint8)
/iopsstor/scratch/cscs/yboughizane/simple-serving-stack/shm-weight-loading-exp2/scripts/shm_loader_bench.py:208: UserWarning: The given buffer is not writable, and PyTorch does not support non-writable tensors. This means you can write to the underlying (supposedly non-writable) buffer using the tensor. You may want to copy the buffer to protect its data or make it writable before converting it to a tensor. This type of warning will be suppressed for the rest of this program. (Triggered internally at /pytorch/torch/csrc/utils/tensor_new.cpp:1581.)
  src = torch.frombuffer(mm, dtype=torch.uint8)
/iopsstor/scratch/cscs/yboughizane/simple-serving-stack/shm-weight-loading-exp2/scripts/shm_loader_bench.py:208: UserWarning: The given buffer is not writable, and PyTorch does not support non-writable tensors. This means you can write to the underlying (supposedly non-writable) buffer using the tensor. You may want to copy the buffer to protect its data or make it writable before converting it to a tensor. This type of warning will be suppressed for the rest of this program. (Triggered internally at /pytorch/torch/csrc/utils/tensor_new.cpp:1581.)
  src = torch.frombuffer(mm, dtype=torch.uint8)
pinned numa=1 chunk=512M thr=8 rt=1 per-rank s  4.79  4.78  4.79  4.84   GB/s  7.37  7.38  7.37  7.29   gated  4.84s  correct=True

=== reference: e2e numaboth (job 76364) gated weight_loading = 8.47 s; target < 5.00 s ===
finished=2026-07-26T12:07:10+02:00
