job=76366 node=nid002280 started=2026-07-26T11:46:46+02:00
gpu->numa map: 0->3 1->2 2->1 3->0 
staging(numa): /iopsstor/scratch/cscs/yboughizane/sharded-ckpt/llama70b-tp4 -> /dev/shm/llama70b-sharded (files=38, slices/file=64, bs=16M, direct read)
staged_files=38 staged_bytes=141124812955 slices=64 read_mode=direct readers=1714 stage_wall_s=9.70 stage_GBps=14.55

=== strategies (4 concurrent ranks, real rank-local shards) ===
/iopsstor/scratch/cscs/yboughizane/simple-serving-stack/shm-weight-loading-exp2/scripts/shm_loader_bench.py:128: UserWarning: The given buffer is not writable, and PyTorch does not support non-writable tensors. This means you can write to the underlying (supposedly non-writable) buffer using the tensor. You may want to copy the buffer to protect its data or make it writable before converting it to a tensor. This type of warning will be suppressed for the rest of this program. (Triggered internally at /pytorch/torch/csrc/utils/tensor_new.cpp:1581.)
  src = torch.frombuffer(mm, dtype=torch.uint8)
/iopsstor/scratch/cscs/yboughizane/simple-serving-stack/shm-weight-loading-exp2/scripts/shm_loader_bench.py:128: UserWarning: The given buffer is not writable, and PyTorch does not support non-writable tensors. This means you can write to the underlying (supposedly non-writable) buffer using the tensor. You may want to copy the buffer to protect its data or make it writable before converting it to a tensor. This type of warning will be suppressed for the rest of this program. (Triggered internally at /pytorch/torch/csrc/utils/tensor_new.cpp:1581.)
  src = torch.frombuffer(mm, dtype=torch.uint8)
/iopsstor/scratch/cscs/yboughizane/simple-serving-stack/shm-weight-loading-exp2/scripts/shm_loader_bench.py:128: UserWarning: The given buffer is not writable, and PyTorch does not support non-writable tensors. This means you can write to the underlying (supposedly non-writable) buffer using the tensor. You may want to copy the buffer to protect its data or make it writable before converting it to a tensor. This type of warning will be suppressed for the rest of this program. (Triggered internally at /pytorch/torch/csrc/utils/tensor_new.cpp:1581.)
  src = torch.frombuffer(mm, dtype=torch.uint8)
/iopsstor/scratch/cscs/yboughizane/simple-serving-stack/shm-weight-loading-exp2/scripts/shm_loader_bench.py:128: UserWarning: The given buffer is not writable, and PyTorch does not support non-writable tensors. This means you can write to the underlying (supposedly non-writable) buffer using the tensor. You may want to copy the buffer to protect its data or make it writable before converting it to a tensor. This type of warning will be suppressed for the rest of this program. (Triggered internally at /pytorch/torch/csrc/utils/tensor_new.cpp:1581.)
  src = torch.frombuffer(mm, dtype=torch.uint8)
zerocopy numa=1 chunk=512M thr=16  per-rank s  7.01  7.02  7.00  6.99   GB/s  5.03  5.02  5.04  5.04   gated  7.02s  correct=True
/iopsstor/scratch/cscs/yboughizane/simple-serving-stack/shm-weight-loading-exp2/scripts/shm_loader_bench.py:128: UserWarning: The given buffer is not writable, and PyTorch does not support non-writable tensors. This means you can write to the underlying (supposedly non-writable) buffer using the tensor. You may want to copy the buffer to protect its data or make it writable before converting it to a tensor. This type of warning will be suppressed for the rest of this program. (Triggered internally at /pytorch/torch/csrc/utils/tensor_new.cpp:1581.)
  src = torch.frombuffer(mm, dtype=torch.uint8)
/iopsstor/scratch/cscs/yboughizane/simple-serving-stack/shm-weight-loading-exp2/scripts/shm_loader_bench.py:128: UserWarning: The given buffer is not writable, and PyTorch does not support non-writable tensors. This means you can write to the underlying (supposedly non-writable) buffer using the tensor. You may want to copy the buffer to protect its data or make it writable before converting it to a tensor. This type of warning will be suppressed for the rest of this program. (Triggered internally at /pytorch/torch/csrc/utils/tensor_new.cpp:1581.)
  src = torch.frombuffer(mm, dtype=torch.uint8)
/iopsstor/scratch/cscs/yboughizane/simple-serving-stack/shm-weight-loading-exp2/scripts/shm_loader_bench.py:128: UserWarning: The given buffer is not writable, and PyTorch does not support non-writable tensors. This means you can write to the underlying (supposedly non-writable) buffer using the tensor. You may want to copy the buffer to protect its data or make it writable before converting it to a tensor. This type of warning will be suppressed for the rest of this program. (Triggered internally at /pytorch/torch/csrc/utils/tensor_new.cpp:1581.)
  src = torch.frombuffer(mm, dtype=torch.uint8)
/iopsstor/scratch/cscs/yboughizane/simple-serving-stack/shm-weight-loading-exp2/scripts/shm_loader_bench.py:128: UserWarning: The given buffer is not writable, and PyTorch does not support non-writable tensors. This means you can write to the underlying (supposedly non-writable) buffer using the tensor. You may want to copy the buffer to protect its data or make it writable before converting it to a tensor. This type of warning will be suppressed for the rest of this program. (Triggered internally at /pytorch/torch/csrc/utils/tensor_new.cpp:1581.)
  src = torch.frombuffer(mm, dtype=torch.uint8)
pinned numa=1 chunk=512M thr=8     per-rank s  4.81  4.78  4.83  4.81   GB/s  7.33  7.39  7.31  7.34   gated  4.83s  correct=True
/iopsstor/scratch/cscs/yboughizane/simple-serving-stack/shm-weight-loading-exp2/scripts/shm_loader_bench.py:128: UserWarning: The given buffer is not writable, and PyTorch does not support non-writable tensors. This means you can write to the underlying (supposedly non-writable) buffer using the tensor. You may want to copy the buffer to protect its data or make it writable before converting it to a tensor. This type of warning will be suppressed for the rest of this program. (Triggered internally at /pytorch/torch/csrc/utils/tensor_new.cpp:1581.)
  src = torch.frombuffer(mm, dtype=torch.uint8)
/iopsstor/scratch/cscs/yboughizane/simple-serving-stack/shm-weight-loading-exp2/scripts/shm_loader_bench.py:128: UserWarning: The given buffer is not writable, and PyTorch does not support non-writable tensors. This means you can write to the underlying (supposedly non-writable) buffer using the tensor. You may want to copy the buffer to protect its data or make it writable before converting it to a tensor. This type of warning will be suppressed for the rest of this program. (Triggered internally at /pytorch/torch/csrc/utils/tensor_new.cpp:1581.)
  src = torch.frombuffer(mm, dtype=torch.uint8)
/iopsstor/scratch/cscs/yboughizane/simple-serving-stack/shm-weight-loading-exp2/scripts/shm_loader_bench.py:128: UserWarning: The given buffer is not writable, and PyTorch does not support non-writable tensors. This means you can write to the underlying (supposedly non-writable) buffer using the tensor. You may want to copy the buffer to protect its data or make it writable before converting it to a tensor. This type of warning will be suppressed for the rest of this program. (Triggered internally at /pytorch/torch/csrc/utils/tensor_new.cpp:1581.)
  src = torch.frombuffer(mm, dtype=torch.uint8)
/iopsstor/scratch/cscs/yboughizane/simple-serving-stack/shm-weight-loading-exp2/scripts/shm_loader_bench.py:128: UserWarning: The given buffer is not writable, and PyTorch does not support non-writable tensors. This means you can write to the underlying (supposedly non-writable) buffer using the tensor. You may want to copy the buffer to protect its data or make it writable before converting it to a tensor. This type of warning will be suppressed for the rest of this program. (Triggered internally at /pytorch/torch/csrc/utils/tensor_new.cpp:1581.)
  src = torch.frombuffer(mm, dtype=torch.uint8)
pinned numa=1 chunk=512M thr=16    per-rank s  4.89  4.85  4.87  4.98   GB/s  7.22  7.27  7.25  7.08   gated  4.98s  correct=True
/iopsstor/scratch/cscs/yboughizane/simple-serving-stack/shm-weight-loading-exp2/scripts/shm_loader_bench.py:128: UserWarning: The given buffer is not writable, and PyTorch does not support non-writable tensors. This means you can write to the underlying (supposedly non-writable) buffer using the tensor. You may want to copy the buffer to protect its data or make it writable before converting it to a tensor. This type of warning will be suppressed for the rest of this program. (Triggered internally at /pytorch/torch/csrc/utils/tensor_new.cpp:1581.)
  src = torch.frombuffer(mm, dtype=torch.uint8)
/iopsstor/scratch/cscs/yboughizane/simple-serving-stack/shm-weight-loading-exp2/scripts/shm_loader_bench.py:128: UserWarning: The given buffer is not writable, and PyTorch does not support non-writable tensors. This means you can write to the underlying (supposedly non-writable) buffer using the tensor. You may want to copy the buffer to protect its data or make it writable before converting it to a tensor. This type of warning will be suppressed for the rest of this program. (Triggered internally at /pytorch/torch/csrc/utils/tensor_new.cpp:1581.)
  src = torch.frombuffer(mm, dtype=torch.uint8)
/iopsstor/scratch/cscs/yboughizane/simple-serving-stack/shm-weight-loading-exp2/scripts/shm_loader_bench.py:128: UserWarning: The given buffer is not writable, and PyTorch does not support non-writable tensors. This means you can write to the underlying (supposedly non-writable) buffer using the tensor. You may want to copy the buffer to protect its data or make it writable before converting it to a tensor. This type of warning will be suppressed for the rest of this program. (Triggered internally at /pytorch/torch/csrc/utils/tensor_new.cpp:1581.)
  src = torch.frombuffer(mm, dtype=torch.uint8)
/iopsstor/scratch/cscs/yboughizane/simple-serving-stack/shm-weight-loading-exp2/scripts/shm_loader_bench.py:128: UserWarning: The given buffer is not writable, and PyTorch does not support non-writable tensors. This means you can write to the underlying (supposedly non-writable) buffer using the tensor. You may want to copy the buffer to protect its data or make it writable before converting it to a tensor. This type of warning will be suppressed for the rest of this program. (Triggered internally at /pytorch/torch/csrc/utils/tensor_new.cpp:1581.)
  src = torch.frombuffer(mm, dtype=torch.uint8)
pinned numa=1 chunk=512M thr=32    per-rank s  4.99  4.92  5.12  4.93   GB/s  7.06  7.17  6.89  7.15   gated  5.12s  correct=True
/iopsstor/scratch/cscs/yboughizane/simple-serving-stack/shm-weight-loading-exp2/scripts/shm_loader_bench.py:128: UserWarning: The given buffer is not writable, and PyTorch does not support non-writable tensors. This means you can write to the underlying (supposedly non-writable) buffer using the tensor. You may want to copy the buffer to protect its data or make it writable before converting it to a tensor. This type of warning will be suppressed for the rest of this program. (Triggered internally at /pytorch/torch/csrc/utils/tensor_new.cpp:1581.)
  src = torch.frombuffer(mm, dtype=torch.uint8)
/iopsstor/scratch/cscs/yboughizane/simple-serving-stack/shm-weight-loading-exp2/scripts/shm_loader_bench.py:128: UserWarning: The given buffer is not writable, and PyTorch does not support non-writable tensors. This means you can write to the underlying (supposedly non-writable) buffer using the tensor. You may want to copy the buffer to protect its data or make it writable before converting it to a tensor. This type of warning will be suppressed for the rest of this program. (Triggered internally at /pytorch/torch/csrc/utils/tensor_new.cpp:1581.)
  src = torch.frombuffer(mm, dtype=torch.uint8)
/iopsstor/scratch/cscs/yboughizane/simple-serving-stack/shm-weight-loading-exp2/scripts/shm_loader_bench.py:128: UserWarning: The given buffer is not writable, and PyTorch does not support non-writable tensors. This means you can write to the underlying (supposedly non-writable) buffer using the tensor. You may want to copy the buffer to protect its data or make it writable before converting it to a tensor. This type of warning will be suppressed for the rest of this program. (Triggered internally at /pytorch/torch/csrc/utils/tensor_new.cpp:1581.)
  src = torch.frombuffer(mm, dtype=torch.uint8)
/iopsstor/scratch/cscs/yboughizane/simple-serving-stack/shm-weight-loading-exp2/scripts/shm_loader_bench.py:128: UserWarning: The given buffer is not writable, and PyTorch does not support non-writable tensors. This means you can write to the underlying (supposedly non-writable) buffer using the tensor. You may want to copy the buffer to protect its data or make it writable before converting it to a tensor. This type of warning will be suppressed for the rest of this program. (Triggered internally at /pytorch/torch/csrc/utils/tensor_new.cpp:1581.)
  src = torch.frombuffer(mm, dtype=torch.uint8)
pinned numa=1 chunk=256M thr=16    per-rank s  4.85  4.90  4.86  4.86   GB/s  7.28  7.20  7.26  7.27   gated  4.90s  correct=True
/iopsstor/scratch/cscs/yboughizane/simple-serving-stack/shm-weight-loading-exp2/scripts/shm_loader_bench.py:128: UserWarning: The given buffer is not writable, and PyTorch does not support non-writable tensors. This means you can write to the underlying (supposedly non-writable) buffer using the tensor. You may want to copy the buffer to protect its data or make it writable before converting it to a tensor. This type of warning will be suppressed for the rest of this program. (Triggered internally at /pytorch/torch/csrc/utils/tensor_new.cpp:1581.)
  src = torch.frombuffer(mm, dtype=torch.uint8)
/iopsstor/scratch/cscs/yboughizane/simple-serving-stack/shm-weight-loading-exp2/scripts/shm_loader_bench.py:128: UserWarning: The given buffer is not writable, and PyTorch does not support non-writable tensors. This means you can write to the underlying (supposedly non-writable) buffer using the tensor. You may want to copy the buffer to protect its data or make it writable before converting it to a tensor. This type of warning will be suppressed for the rest of this program. (Triggered internally at /pytorch/torch/csrc/utils/tensor_new.cpp:1581.)
  src = torch.frombuffer(mm, dtype=torch.uint8)
/iopsstor/scratch/cscs/yboughizane/simple-serving-stack/shm-weight-loading-exp2/scripts/shm_loader_bench.py:128: UserWarning: The given buffer is not writable, and PyTorch does not support non-writable tensors. This means you can write to the underlying (supposedly non-writable) buffer using the tensor. You may want to copy the buffer to protect its data or make it writable before converting it to a tensor. This type of warning will be suppressed for the rest of this program. (Triggered internally at /pytorch/torch/csrc/utils/tensor_new.cpp:1581.)
  src = torch.frombuffer(mm, dtype=torch.uint8)
/iopsstor/scratch/cscs/yboughizane/simple-serving-stack/shm-weight-loading-exp2/scripts/shm_loader_bench.py:128: UserWarning: The given buffer is not writable, and PyTorch does not support non-writable tensors. This means you can write to the underlying (supposedly non-writable) buffer using the tensor. You may want to copy the buffer to protect its data or make it writable before converting it to a tensor. This type of warning will be suppressed for the rest of this program. (Triggered internally at /pytorch/torch/csrc/utils/tensor_new.cpp:1581.)
  src = torch.frombuffer(mm, dtype=torch.uint8)
pinned numa=1 chunk=1024M thr=16   per-rank s  4.86  4.88  4.88  4.87   GB/s  7.26  7.23  7.23  7.25   gated  4.88s  correct=True

=== reference: e2e numaboth (job 76364) gated weight_loading = 8.47 s; target < 5.00 s ===
finished=2026-07-26T11:49:27+02:00
