clearing archive: /iopsstor/scratch/cscs/yboughizane/simple-serving-stack/foundry-tp1/results/foundry_archive_apertus8b_dp4
job=75620 node=nid002296 mode=save model=/capstor/store/cscs/swissai/infra01/hf_models/models/swiss-ai/Apertus-8B-Instruct-2509
dp=4 tp=1 mem_fraction_static=0.85 max_model_len=32768
archive=/iopsstor/scratch/cscs/yboughizane/simple-serving-stack/foundry-tp1/results/foundry_archive_apertus8b_dp4
profile_out=/iopsstor/scratch/cscs/yboughizane/simple-serving-stack/foundry-tp1/results/apertus8b-dp4-save-75620-nid002296-profile.json
started=2026-07-22T12:07:00+02:00
NOTE: for MODE=load, submit with --exclude=nid002296 if this is the save run
foundry: /opt/foundry/python/foundry/__init__.py
[SERVEKIT] profiling cold start of: python -m sglang.launch_server --model-path /capstor/store/cscs/swissai/infra01/hf_models/models/swiss-ai/Apertus-8B-Instruct-2509 --host 0.0.0.0 --port 8080 --served-model-name swiss-ai/Apertus-8B-Instruct-2509 --tp-size 1 --dp-size 4 --trust-remote-code --context-length 32768 --mem-fraction-static 0.85 --max-running-requests 256 --enable-metrics --foundry-graph-extension-config-path /iopsstor/scratch/cscs/yboughizane/simple-serving-stack/foundry-tp1/foundry_save.toml
[SERVEKIT] will benchmark http://127.0.0.1:8080 after ready
/sgl-workspace/sglang/python/sglang/launch_server.py:51: UserWarning: 'python -m sglang.launch_server' is still supported, but 'sglang serve' is the recommended entrypoint.
  Example: sglang serve --model-path <model> [options]
  warnings.warn(
Traceback (most recent call last):
  File "<frozen runpy>", line 198, in _run_module_as_main
  File "<frozen runpy>", line 88, in _run_code
  File "/sgl-workspace/sglang/python/sglang/launch_server.py", line 59, in <module>
    server_args = prepare_server_args(sys.argv[1:])
                  ^^^^^^^^^^^^^^^^^^^^^^^^^^^^^^^^^
  File "/sgl-workspace/sglang/python/sglang/srt/server_args.py", line 6550, in prepare_server_args
    return ServerArgs.from_cli_args(raw_args)
           ^^^^^^^^^^^^^^^^^^^^^^^^^^^^^^^^^^
  File "/sgl-workspace/sglang/python/sglang/srt/server_args.py", line 5986, in from_cli_args
    return cls(**{attr: getattr(args, attr) for attr in attrs})
           ^^^^^^^^^^^^^^^^^^^^^^^^^^^^^^^^^^^^^^^^^^^^^^^^^^^^
  File "<string>", line 353, in __init__
  File "/sgl-workspace/sglang/python/sglang/srt/server_args.py", line 855, in __post_init__
    apply_server_args(self)
  File "/sgl-workspace/sglang/python/sglang/srt/foundry_shim.py", line 26, in apply_server_args
    install_hooks(server_args)
  File "/opt/foundry/python/foundry/integration/sglang/hooks.py", line 90, in install_hooks
    _patch_init_memory_pool()
  File "/opt/foundry/python/foundry/integration/sglang/hooks.py", line 144, in _patch_init_memory_pool
    from sglang.srt.model_executor.pool_configurator import MemoryPoolConfig
ModuleNotFoundError: No module named 'sglang.srt.model_executor.pool_configurator'

[SERVEKIT] Cold-start profile
-----------------------------------
phase            duration_s  source
-----------------------------------
process_startup       17.43  wall_clock
-----------------------------------
total                  0.00  FAILED (no ready signal)

report written to /iopsstor/scratch/cscs/yboughizane/simple-serving-stack/foundry-tp1/results/apertus8b-dp4-save-75620-nid002296-profile.json
srun: error: nid002296: task 0: Exited with exit code 1
=== profile result (save) ===
{
  "command": "python -m sglang.launch_server --model-path /capstor/store/cscs/swissai/infra01/hf_models/models/swiss-ai/Apertus-8B-Instruct-2509 --host 0.0.0.0 --port 8080 --served-model-name swiss-ai/Apertus-8B-Instruct-2509 --tp-size 1 --dp-size 4 --trust-remote-code --context-length 32768 --mem-fraction-static 0.85 --max-running-requests 256 --enable-metrics --foundry-graph-extension-config-path /iopsstor/scratch/cscs/yboughizane/simple-serving-stack/foundry-tp1/foundry_save.toml",
  "started_at": 1784714839.5750475,
  "ready_at": null,
  "success": false,
  "total_duration_s": 0.0,
  "phases": [
    {
      "name": "process_startup",
      "duration_s": 17.43,
      "source": "wall_clock"
    }
  ],
  "benchmark": null
}=== archive ===
graphs per rank: 0
NEXT: sbatch --export=ALL,MODE=load --exclude=nid002296 foundry-tp1/apertus8b_dp4.sbatch
finished=2026-07-22T12:07:44+02:00
