job=76204 node=nid002316
started=2026-07-24T15:24:51+02:00
[patch] installed sglang 0.5.10 at /sgl-workspace/sglang/python/sglang
[patch] 1 patch(es) -> 1 distinct file(s)
Note: switching to '1519acf37c23f2189adb93f57ca9cd2db1bebf18'.

You are in 'detached HEAD' state. You can look around, make experimental
changes and commit them, and you can discard any commits you make in this
state without impacting any branches by switching back to a branch.

If you want to create a new branch to retain commits you create, you may
do so (now or later) by using -c with the switch command. Example:

  git switch -c <new-branch-name>

Or undo this operation with:

  git switch -

Turn off this advice by setting config variable advice.detachedHead to false

[patch] cloned https://github.com/sgl-project/sglang.git @ v0.5.10 = 1519acf37c23f2189adb93f57ca9cd2db1bebf18
[patch] verified: all 1 file(s) match the image byte-for-byte
[patch]   applied hugepage_sharded_h2d.patch
[patch]   swapped srt/model_loader/loader.py
[patch] done
=== import check (no GPU, no CUDA context needed for this) ===
all imports OK
SGLANG_HUGEPAGE_SHARDED_SOCK knob present: True
finished=2026-07-24T15:25:25+02:00
