job=75686 node=nid002297 tag=preflight
started=2026-07-22T18:19:27+02:00
[patch] installed sglang 0.5.10 at /sgl-workspace/sglang/python/sglang
[patch] 1 patch(es) -> 1 distinct file(s)
Note: switching to '1519acf37c23f2189adb93f57ca9cd2db1bebf18'.

You are in 'detached HEAD' state. You can look around, make experimental
changes and commit them, and you can discard any commits you make in this
state without impacting any branches by switching back to a branch.

If you want to create a new branch to retain commits you create, you may
do so (now or later) by using -c with the switch command. Example:

  git switch -c <new-branch-name>

Or undo this operation with:

  git switch -

Turn off this advice by setting config variable advice.detachedHead to false

[patch] cloned https://github.com/sgl-project/sglang.git @ v0.5.10 = 1519acf37c23f2189adb93f57ca9cd2db1bebf18
[patch] verified: all 1 file(s) match the image byte-for-byte
[patch]   applied fst_max_threads.patch
[patch]   swapped srt/model_loader/weight_utils.py
[patch] done
[preflight] both knobs present in the installed module, default to 1 / 16 (upstream)
[preflight] ALL CHECKS PASSED
finished=2026-07-22T18:19:40+02:00
