### rebundle (need full criu dep set) ###
bundled libnet.so.1
bundled libbsd.so.0
bundled libprotobuf-c.so.1
bundled libnl-3.so.200
bundled libmd.so.0
-- compiling counter (static cudart) --
counter compiled: 1004528 bytes
bundle step done.

##### A) IN CONTAINER, normal user (as real serving runs) #####
### env: pyxis container  uid=1609  Seccomp=2
### CapEff=0000000000000000
### criu: Version: 3.19

--- criu check (normal) ---
CRIU needs to have the CAP_SYS_ADMIN or the CAP_CHECKPOINT_RESTORE capability: 
setcap cap_checkpoint_restore+eip /iopsstor/scratch/cscs/yboughizane/simple-serving-stack/cuda-checkpoint-exp/bin/criu
rc=1

--- criu check --unprivileged ---
CRIU needs to have the CAP_SYS_ADMIN or the CAP_CHECKPOINT_RESTORE capability: 
setcap cap_checkpoint_restore+eip /iopsstor/scratch/cscs/yboughizane/simple-serving-stack/cuda-checkpoint-exp/bin/criu
rc=1

--- real dump attempt WITH --unprivileged ---
dump --unprivileged rc=1

--- does --unprivileged still touch map_files? ---
  map_files mentions in dump log:
/iopsstor/scratch/cscs/yboughizane/simple-serving-stack/cuda-checkpoint-exp/scripts/diag_unpriv.sh: line 39: 127972 Killed                  ( i=0; while :; do
    echo $i > "${W}/p.out"; i=$((i+1)); sleep 0.2;
done )

##### A2) IN CONTAINER, --container-remap-root (userns root, full caps) #####
### env: pyxis container  uid=0  Seccomp=2
### CapEff=000001ffffffffff
### criu: Version: 3.19

--- criu check (normal) ---
Error (criu/net.c:1252): net: Unexpected error: -1(Operation not permitted)
Error (criu/cr-check.c:1054): Can't turn TCP repair mode ON: Operation not permitted
Warn  (criu/cr-check.c:1455): Does not look good.
rc=1

--- criu check --unprivileged ---
Error (criu/sockets.c:210): sockets: Diag module missing (-2)
Error (criu/sockets.c:210): sockets: Diag module missing (-2)
Error (criu/net.c:1252): net: Unexpected error: -1(Operation not permitted)
Warn  (criu/kerndat.c:1153): $XDG_RUNTIME_DIR not set. Cannot find location for kerndat file
Error (criu/cr-check.c:1054): Can't turn TCP repair mode ON: Operation not permitted
Warn  (criu/cr-check.c:1455): Does not look good.
rc=1

--- real dump attempt WITH --unprivileged ---
dump --unprivileged rc=1
(00.134220) Error (criu/util.c:1519): rlimit: Can't setup RLIMIT_NOFILE for self: Operation not permitted
(00.136171) Error (compel/src/lib/ptrace.c:27): suspending seccomp failed: Operation not permitted
(00.136302) Error (compel/src/lib/infect.c:418): Unable to detach from 128751: No such process
(00.136477) Error (criu/cr-dump.c:2098): Dumping FAILED.

--- does --unprivileged still touch map_files? ---
  map_files mentions in dump log: 0
/iopsstor/scratch/cscs/yboughizane/simple-serving-stack/cuda-checkpoint-exp/scripts/diag_unpriv.sh: line 39: 128751 Killed                  ( i=0; while :; do
    echo $i > "${W}/p.out"; i=$((i+1)); sleep 0.2;
done )
