job=74758 node=nid002324 tag=preflight
started=2026-07-14T12:21:18+02:00
=============== 1. instanttensor package ===============
instanttensor version: 0.1.9

=============== 2. backport harness ===============
[patch] installed sglang 0.5.10 at /sgl-workspace/sglang/python/sglang
[patch] patch touches 4 file(s)
Note: switching to '1519acf37c23f2189adb93f57ca9cd2db1bebf18'.

You are in 'detached HEAD' state. You can look around, make experimental
changes and commit them, and you can discard any commits you make in this
state without impacting any branches by switching back to a branch.

If you want to create a new branch to retain commits you create, you may
do so (now or later) by using -c with the switch command. Example:

  git switch -c <new-branch-name>

Or undo this operation with:

  git switch -

Turn off this advice by setting config variable advice.detachedHead to false

[patch] cloned https://github.com/sgl-project/sglang.git @ v0.5.10 = 1519acf37c23f2189adb93f57ca9cd2db1bebf18
[patch] verified: all 4 file(s) match the image byte-for-byte
[patch]   swapped srt/configs/load_config.py
[patch]   swapped srt/model_loader/weight_utils.py
[patch]   swapped srt/model_loader/loader.py
[patch]   swapped srt/server_args.py
[patch] done (instanttensor_backport.patch)

=============== 3. wiring asserts ===============
Traceback (most recent call last):
  File "<stdin>", line 4, in <module>
FileNotFoundError: [Errno 2] No such file or directory: '/sgl-workspace/sglang/python/sglang/configs/load_config.py'
srun: error: nid002324: task 0: Exited with exit code 1
