job=75050 node=nid002801
started=2026-07-16T10:12:49+02:00
##### STEP 1: bundle (in container) #####
== bundle step: id=0 os=jammy
criu: Version: 3.19
bundled libnet.so.1
-- compiling counter (static cudart) --
counter compiled: 1004488 bytes
bundle step done.
bundle_exit=0

##### STEP 2: checkpoint/restore test (bare host) #####

========== environment (bare host, normal user) ==========
node=nid002801 uid=1609 Seccomp=0
NVIDIA A100-SXM4-80GB, 590.48.01
cuda-checkpoint: present

========== GATE cuda-ckpt: evict GPU state to host RAM and restore it (live process, no criu) ==========
counter pid=3269  tick=13
GPU procs while running:
  3269, 418 MiB
state: running
-- lock + checkpoint (device memory -> host RAM, GPU released) --
   lock rc=0
   checkpoint rc=0
   state: checkpointed
   last tick while checkpointed: tick=22
GPU procs while checkpointed (expect NO entry for 3269):
   confirmed: process is frozen (ticks stopped at tick=22)
-- restore + unlock (reattach to GPU) --
   restore rc=0
   unlock rc=0
   state: running
   last tick after restore: tick=45
GATE cuda-ckpt  : PASS  GPU counter survived: resumed 22 -> 45 (device memory intact)
counter.log around the checkpoint boundary:
  tick=38
  tick=39
  tick=40
  tick=41
  tick=42
  tick=43
  tick=44
  tick=45

========== now re-exec into unshare -Urpf for the criu gates ==========

========== criu environment (inside unshare -Urpf) ==========
uid=0 pid=1 (own pidns)  Seccomp=0 (0=none)
CapEff=000001ffffffffff
criu  : Version: 3.19

========== GATE map-files: can we OPEN /proc/PID/map_files/* ? (criu depends on it) ==========
GATE map-files  : FAIL  open() EPERM (readlink=/usr/bin/sleep
ok)
                   The kernel gates open() of /proc/PID/map_files behind
                   checkpoint_restore_ns_capable(&init_user_ns): CAP_SYS_ADMIN or
                   CAP_CHECKPOINT_RESTORE in the INITIAL userns. Namespace-root cannot
                   satisfy it, so criu cannot dump ANY process without admin action.

========== GATE criu-cpu: criu dump/restore of a plain CPU process ==========
/iopsstor/scratch/cscs/yboughizane/simple-serving-stack/cuda-checkpoint-exp/scripts/run_host.sh: line 107:    14 Killed                  sleep 300
GATE criu-cpu   : FAIL  criu dump rc=1
(00.168439) Error (criu/net.c:1252): net: Unexpected error: -1(Operation not permitted)
(00.169331) Error (criu/util.c:1519): rlimit: Can't setup RLIMIT_NOFILE for self: Operation not permitted
(00.403959) Error (criu/proc_parse.c:379): Failed to resolve mapping 55abde7ac000 filename
(00.403992) Error (criu/proc_parse.c:693): Can't open 22's mapfile link 55abde7ac000: Operation not permitted
(00.404034) Error (criu/cr-dump.c:1563): Collect mappings (pid: 22) failed with -1
(00.406585) Error (criu/cr-dump.c:2098): Dumping FAILED.

criu-gpu gate skipped (criu cannot dump even a plain process).
/iopsstor/scratch/cscs/yboughizane/simple-serving-stack/cuda-checkpoint-exp/scripts/run_host.sh: line 159:  3269 Killed                  "${EXP_DIR}/src/counter" "${LOG}" < /dev/null > /dev/null 2>&1
test_exit=0
finished=2026-07-16T10:13:31+02:00
