job=75718 node=nid002280 tensors=16
started=2026-07-22T22:21:18+02:00
=== /dev/shm capacity ===
Filesystem      Size  Used Avail Use% Mounted on
tmpfs           353G   40M  353G   1% /dev/shm
=== tmpfs mount options (is it huge=?) ===
tmpfs /dev/shm tmpfs rw,nodev,relatime,size=369160116k,mode=755,inode64 0 0
tmpfs /dev/shm tmpfs rw,nosuid,nodev,noexec,relatime,size=369160116k,mode=755,inode64 0 0

############ 1 process (clean ceiling) ############
[solo] gpu=0 file=/dev/shm/h2dbench.bin 7.5 GB (16 x 470 MB tensors, slice=117 MB)
[solo]   contig   pageable    8.36 GB/s   (0.22s)
[solo]   contig   pinned     12.52 GB/s   (0.15s)
[solo]   contig   pinned2x   18.31 GB/s   (0.10s)
[solo]   contig   gather     22.56 GB/s   (0.08s)
[solo]   contig   dma_only   26.74 GB/s   (0.07s)
[solo]   strided  pageable    6.20 GB/s   (0.30s)
[solo]   strided  pinned     12.70 GB/s   (0.15s)
[solo]   strided  pinned2x   16.23 GB/s   (0.12s)
[solo]   strided  gather     19.10 GB/s   (0.10s)
[solo]   strided  dma_only   26.68 GB/s   (0.07s)
[solo]   cudaHostRegister   4.56 GB/s  -> 141 GB would take   30.9s
[solo] SUMMARY strided/pageable (today) = 6.20 GB/s; best = 26.74 GB/s; speedup = 4.3x

############ 4 processes (TP=4 contention) ############
[r0] gpu=0 file=/dev/shm/h2dbench.bin 7.5 GB (16 x 470 MB tensors, slice=117 MB)
[r1] gpu=1 file=/dev/shm/h2dbench.bin 7.5 GB (16 x 470 MB tensors, slice=117 MB)
[r2] gpu=2 file=/dev/shm/h2dbench.bin 7.5 GB (16 x 470 MB tensors, slice=117 MB)
[r3] gpu=3 file=/dev/shm/h2dbench.bin 7.5 GB (16 x 470 MB tensors, slice=117 MB)
[r0]   contig   pageable    4.45 GB/s   (0.42s)
[r1]   contig   pageable    3.76 GB/s   (0.50s)
[r3]   contig   pageable    4.01 GB/s   (0.47s)
[r2]   contig   pageable    3.84 GB/s   (0.49s)
[r0]   contig   pinned      5.56 GB/s   (0.34s)
[r3]   contig   pinned      2.41 GB/s   (0.78s)
[r1]   contig   pinned      2.04 GB/s   (0.92s)
[r2]   contig   pinned      1.91 GB/s   (0.98s)
[r0]   contig   pinned2x    3.05 GB/s   (0.62s)
[r3]   contig   pinned2x    2.65 GB/s   (0.71s)
[r0]   contig   gather      2.34 GB/s   (0.80s)
[r2]   contig   pinned2x    2.38 GB/s   (0.79s)
[r0]   contig   dma_only   26.55 GB/s   (0.07s)
[r1]   contig   pinned2x    1.93 GB/s   (0.97s)
[r3]   contig   gather      2.50 GB/s   (0.75s)
[r3]   contig   dma_only   15.90 GB/s   (0.12s)
[r2]   contig   gather      2.14 GB/s   (0.88s)
[r1]   contig   gather      2.13 GB/s   (0.88s)
[r2]   contig   dma_only   17.66 GB/s   (0.11s)
[r1]   contig   dma_only   13.21 GB/s   (0.14s)
[r0]   strided  pageable    1.60 GB/s   (1.18s)
[r3]   strided  pageable    2.08 GB/s   (0.90s)
[r2]   strided  pageable    2.07 GB/s   (0.91s)
[r0]   strided  pinned      2.79 GB/s   (0.67s)
[r1]   strided  pageable    1.99 GB/s   (0.94s)
[r3]   strided  pinned      3.96 GB/s   (0.47s)
[r2]   strided  pinned      2.28 GB/s   (0.82s)
[r0]   strided  pinned2x    2.37 GB/s   (0.79s)
[r1]   strided  pinned      2.35 GB/s   (0.80s)
[r3]   strided  pinned2x    2.97 GB/s   (0.63s)
[r1]   strided  pinned2x    2.89 GB/s   (0.65s)
[r2]   strided  pinned2x    2.19 GB/s   (0.86s)
[r0]   strided  gather      2.25 GB/s   (0.84s)
[r0]   strided  dma_only   26.73 GB/s   (0.07s)
[r3]   strided  gather      2.75 GB/s   (0.68s)
[r3]   strided  dma_only   16.39 GB/s   (0.11s)
[r1]   strided  gather      3.92 GB/s   (0.48s)
[r1]   strided  dma_only   26.69 GB/s   (0.07s)
[r2]   strided  gather      3.98 GB/s   (0.47s)
[r2]   strided  dma_only   26.68 GB/s   (0.07s)
[r0]   cudaHostRegister   3.52 GB/s  -> 141 GB would take   40.1s
[r0] SUMMARY strided/pageable (today) = 1.60 GB/s; best = 26.73 GB/s; speedup = 16.7x
[r3]   cudaHostRegister   4.30 GB/s  -> 141 GB would take   32.8s
[r3] SUMMARY strided/pageable (today) = 2.08 GB/s; best = 16.39 GB/s; speedup = 7.9x
[r1]   cudaHostRegister   3.71 GB/s  -> 141 GB would take   38.0s
[r1] SUMMARY strided/pageable (today) = 1.99 GB/s; best = 26.69 GB/s; speedup = 13.4x
[r2]   cudaHostRegister   4.18 GB/s  -> 141 GB would take   33.8s
[r2] SUMMARY strided/pageable (today) = 2.07 GB/s; best = 26.68 GB/s; speedup = 12.9x
finished=2026-07-22T22:21:59+02:00
