job=75150 node=nid002297 started=2026-07-17T11:26:00+02:00
store mount instance=ffff9240fdce6000
ost of sick shard : 8
ost of ctrl shard : 16
max_rpcs_in_flight: 68
max_pages_per_rpc : 4096

############ A. dd, bs=16M, QD=1 (the probe that reported 0.6 GB/s)
  1024 MiB in 36.0 s -> 28.5 MB/s
  read-RPCs-in-flight histogram on OST 8:
      depth 1:		       778  46  46   |          0   0   0
      depth 2:		       211  12  59   |          0   0   0
      depth 3:		        76   4  63   |          0   0   0
      depth 4:		       147   8  72   |          0   0   0
      depth 5:		        28   1  74   |          0   0   0
      depth 6:		        26   1  75   |          0   0   0
      depth 7:		        26   1  77   |          0   0   0
      depth 8:		       122   7  84   |          0   0   0
      depth 9:		        11   0  85   |          0   0   0
      depth 10:		         6   0  85   |          0   0   0
      depth 11:		         6   0  85   |          0   0   0
      depth 12:		         6   0  86   |          0   0   0

############ B. same file, same O_DIRECT, N parallel readers (queue depth only)
   readers         MB/s
         1         28.2
         2         60.4
         4         85.3
         8        198.1
        16        323.0
        32        589.6

############ C. fastsafetensors reading THE SAME sick shard
  fastsafetensors 0.3.3
  SafeTensorsFileLoader defaults:
      device = cpu
      bbuf_size_kb = 16384
      max_threads = 16
      nogds = False
      set_numa = True
      disable_cache = True
      debug_log = False
      framework = pytorch
  RESULT fastsafetensors: 5000 MB in 23.5 s -> 213.0 MB/s
  read-RPCs-in-flight histogram on OST 8:
      depth 1:		       854  36  36   |          0   0   0
      depth 2:		       283  12  48   |          0   0   0
      depth 3:		        93   3  52   |          0   0   0
      depth 4:		       232   9  62   |          0   0   0
      depth 5:		        67   2  64   |          0   0   0
      depth 6:		        81   3  68   |          0   0   0
      depth 7:		        80   3  71   |          0   0   0
      depth 8:		       239  10  81   |          0   0   0
      depth 9:		        72   3  84   |          0   0   0
      depth 10:		         8   0  85   |          0   0   0
      depth 11:		         8   0  85   |          0   0   0
      depth 12:		         8   0  85   |          0   0   0

finished=2026-07-17T11:28:33+02:00
